// Jest Snapshot v1, https://goo.gl/fbAQLP

exports[`Update VideoPress block's settings should update Playback Bar Color section's Dynamic color setting 1`] = `"<!-- wp:videopress/video {"title":"default-title-is-file-name","description":"","id":34,"guid":"AbCdEfGh","privacySetting":2,"allowDownload":false,"rating":"G","isPrivate":true,"duration":1200} /-->"`;

exports[`Update VideoPress block's settings should update Playback Bar Color section's Loaded setting to Light green cyan 1`] = `"<!-- wp:videopress/video {"title":"default-title-is-file-name","description":"","seekbarLoadingColor":"#7bdcb5","useAverageColor":false,"id":34,"guid":"AbCdEfGh","privacySetting":2,"allowDownload":false,"rating":"G","isPrivate":true,"duration":1200} /-->"`;

exports[`Update VideoPress block's settings should update Playback Bar Color section's Main setting to Luminous vivid amber 1`] = `"<!-- wp:videopress/video {"title":"default-title-is-file-name","description":"","seekbarColor":"#fcb900","useAverageColor":false,"id":34,"guid":"AbCdEfGh","privacySetting":2,"allowDownload":false,"rating":"G","isPrivate":true,"duration":1200} /-->"`;

exports[`Update VideoPress block's settings should update Playback Bar Color section's Progress setting to Vivid purple 1`] = `"<!-- wp:videopress/video {"title":"default-title-is-file-name","description":"","seekbarPlayedColor":"#9b51e0","useAverageColor":false,"id":34,"guid":"AbCdEfGh","privacySetting":2,"allowDownload":false,"rating":"G","isPrivate":true,"duration":1200} /-->"`;

exports[`Update VideoPress block's settings should update Playback Settings section's Autoplay setting 1`] = `"<!-- wp:videopress/video {"autoplay":true,"title":"default-title-is-file-name","description":"","useAverageColor":false,"id":34,"guid":"AbCdEfGh","privacySetting":2,"allowDownload":false,"rating":"G","isPrivate":true,"duration":1200} /-->"`;

exports[`Update VideoPress block's settings should update Playback Settings section's Loop setting 1`] = `"<!-- wp:videopress/video {"title":"default-title-is-file-name","description":"","loop":true,"useAverageColor":false,"id":34,"guid":"AbCdEfGh","privacySetting":2,"allowDownload":false,"rating":"G","isPrivate":true,"duration":1200} /-->"`;

exports[`Update VideoPress block's settings should update Playback Settings section's Muted setting 1`] = `"<!-- wp:videopress/video {"title":"default-title-is-file-name","description":"","muted":true,"useAverageColor":false,"id":34,"guid":"AbCdEfGh","privacySetting":2,"allowDownload":false,"rating":"G","isPrivate":true,"duration":1200} /-->"`;

exports[`Update VideoPress block's settings should update Playback Settings section's Play Inline setting 1`] = `"<!-- wp:videopress/video {"title":"default-title-is-file-name","description":"","playsinline":true,"useAverageColor":false,"id":34,"guid":"AbCdEfGh","privacySetting":2,"allowDownload":false,"rating":"G","isPrivate":true,"duration":1200} /-->"`;

exports[`Update VideoPress block's settings should update Playback Settings section's Preload Metadata setting 1`] = `"<!-- wp:videopress/video {"title":"default-title-is-file-name","description":"","preload":"none","useAverageColor":false,"id":34,"guid":"AbCdEfGh","privacySetting":2,"allowDownload":false,"rating":"G","isPrivate":true,"duration":1200} /-->"`;

exports[`Update VideoPress block's settings should update Playback Settings section's Show Controls setting 1`] = `"<!-- wp:videopress/video {"title":"default-title-is-file-name","description":"","controls":false,"useAverageColor":false,"id":34,"guid":"AbCdEfGh","privacySetting":2,"allowDownload":false,"rating":"G","isPrivate":true,"duration":1200} /-->"`;

exports[`Update VideoPress block's settings should update Privacy and Rating section's Allow download 1`] = `"<!-- wp:videopress/video {"title":"default-title-is-file-name","description":"","useAverageColor":false,"id":34,"guid":"AbCdEfGh","privacySetting":2,"rating":"G","isPrivate":true,"duration":1200} /-->"`;

exports[`Update VideoPress block's settings should update Privacy and Rating section's Show video sharing menu 1`] = `"<!-- wp:videopress/video {"title":"default-title-is-file-name","description":"","useAverageColor":false,"id":34,"guid":"AbCdEfGh","privacySetting":2,"allowDownload":false,"displayEmbed":false,"rating":"G","isPrivate":true,"duration":1200} /-->"`;

exports[`Update VideoPress block's settings should update Privacy and Rating section's privacy setting to Private 1`] = `"<!-- wp:videopress/video {"title":"default-title-is-file-name","description":"","useAverageColor":false,"id":34,"guid":"AbCdEfGh","allowDownload":false,"rating":"G","isPrivate":true,"duration":1200} /-->"`;

exports[`Update VideoPress block's settings should update Privacy and Rating section's privacy setting to Public 1`] = `"<!-- wp:videopress/video {"title":"default-title-is-file-name","description":"","useAverageColor":false,"id":34,"guid":"AbCdEfGh","privacySetting":0,"allowDownload":false,"rating":"G","isPrivate":false,"duration":1200} /-->"`;

exports[`Update VideoPress block's settings should update Privacy and Rating section's rating setting to PG-13 1`] = `"<!-- wp:videopress/video {"title":"default-title-is-file-name","description":"","useAverageColor":false,"id":34,"guid":"AbCdEfGh","privacySetting":2,"allowDownload":false,"rating":"PG-13","isPrivate":true,"duration":1200} /-->"`;

exports[`Update VideoPress block's settings should update Privacy and Rating section's rating setting to R 1`] = `"<!-- wp:videopress/video {"title":"default-title-is-file-name","description":"","useAverageColor":false,"id":34,"guid":"AbCdEfGh","privacySetting":2,"allowDownload":false,"rating":"R-17","isPrivate":true,"duration":1200} /-->"`;

exports[`Update VideoPress block's settings should update description 1`] = `"<!-- wp:videopress/video {"title":"default-title-is-file-name","description":"The video's new description!","useAverageColor":false,"id":34,"guid":"AbCdEfGh","privacySetting":2,"allowDownload":false,"rating":"G","isPrivate":true,"duration":1200} /-->"`;

exports[`Update VideoPress block's settings should update title 1`] = `"<!-- wp:videopress/video {"title":"Hello world!","description":"","useAverageColor":false,"id":34,"guid":"AbCdEfGh","privacySetting":2,"allowDownload":false,"rating":"G","isPrivate":true,"duration":1200} /-->"`;

exports[`VideoPress block sets caption 1`] = `"<!-- wp:videopress/video {"title":"default-title-is-file-name","description":"","caption":"\\u003cstrong\\u003eBold\\u003c/strong\\u003e \\u003cem\\u003eitalic\\u003c/em\\u003e \\u003cs\\u003estrikethrough\\u003c/s\\u003e VideoPress caption","useAverageColor":false,"id":34,"guid":"AbCdEfGh","privacySetting":2,"allowDownload":false,"rating":"G","isPrivate":false,"duration":1200} /-->"`;
